13:15:53.408 [main] INFO  textexecution.login - test satrted
13:15:53.434 [main] INFO  textexecution.login - enter the credntials
13:16:06.643 [main] INFO  textexecution.login - testexecuted
13:21:00.811 [main] INFO  textexecution.login - test satrted
13:21:01.048 [main] INFO  textexecution.login - get error message
13:21:01.906 [main] INFO  textexecution.login - testended
16:06:07.603 [main] INFO  textexecution.login - test satrted
16:06:07.634 [main] INFO  textexecution.login - enter the credntials
16:06:11.541 [main] INFO  textexecution.login - testexecuted
16:09:53.408 [main] INFO  textexecution.login - test satrted
16:09:53.437 [main] INFO  textexecution.login - enter the credntials
16:09:57.789 [main] INFO  textexecution.login - testexecuted
16:11:38.697 [main] INFO  textexecution.login - test satrted
16:11:38.719 [main] INFO  textexecution.login - enter the credntials
16:11:47.611 [main] INFO  textexecution.login - testexecuted
16:15:18.301 [main] INFO  textexecution.login - test satrted
16:15:18.329 [main] INFO  textexecution.login - enter the credntials
16:15:21.242 [main] INFO  textexecution.login - testexecuted
16:19:39.459 [main] INFO  textexecution.login - test satrted
16:19:39.492 [main] INFO  textexecution.login - enter the credntials
16:19:41.879 [main] INFO  textexecution.login - testexecuted
16:21:24.284 [main] INFO  textexecution.login - test satrted
16:21:24.312 [main] INFO  textexecution.login - enter the credntials
16:21:26.725 [main] INFO  textexecution.login - testexecuted
16:21:59.883 [main] INFO  textexecution.login - test satrted
16:22:02.280 [main] INFO  textexecution.login - get error message
16:22:02.347 [main] INFO  textexecution.login - testended
